---
source: dessplay/src/ui/houseguest/tests.rs
expression: "terrain_map_in(100, 30, true)"
---
┌Chat────────────────────────────────────────────┐┌The List────────────────────────────────────────┐
│                                                ││                                                │
│                                                ││                                                │
│                                                ││                                                │
│                                                ││                                                │
│                                                ││                                                │
│                                                ││                                                │
│                                                ││                                                │
│                                                │└─>=====v======================================@─┘
│                                                │┌Users──>======================================@─┐
│                                                ││                                                │
│                                                ││                                                │
│                                                ││                                                │
│                                                ││                                                │
│                                                ││                                                │
│                                                ││                                                │
│                                                │└─>========v===================================@─┘
│                                                │┌Playlist──>===================================@─┐
│                                                ││  [Add New]                                     │
│                                                ││                                                │
│                                                ││                                                │
└─@============================================>─┘│                                                │
##@============================================>##│                                                │
##################################################│                                                │
##################################################└─%============================================@─┘
                                                                                   link: connecting…
####################################################=============================================@##
####################################################################################################
####################################################################################################
####################################################################################################
