---
source: dessplay/src/ui/houseguest/tests.rs
expression: "terrain_map(100, 30)"
---
┌Chat────────────────────────────────────────────┐┌The List────────────────────────────────────────┐
│                                                ││                                                │
│                                                ││                                                │
│                                                ││                                                │
│                                                ││                                                │
│                                                ││                                                │
│                                                ││                                                │
│                                                ││                                                │
│                                                │└─>=====v======================================v─┘
│                                                │┌Users──>======================================v─┐
│                                                ││                                                │
│                                                ││                                                │
│                                                ││                                                │
│                                                ││                                                │
│                                                ││                                                │
│                                                ││                                                │
│                                                │└─>========v===================================^─┘
│                                                │┌Playlist──>===================================v─┐
│                                                ││  [Add New]                                     │
│                                                ││                                                │
│                                                ││                                                │
└─v============================================>─┘│                                                │
##^============================================>##│                                                │
##################################################│                                                │
##################################################└─^============================================^─┘
                                                                                   link: connecting…
####################################################==============================================##
####################################################################################################
####################################################################################################
####################################################################################################
