---
source: dessplay/src/ui/houseguest/tests.rs
expression: "terrain_map_in(100, 30, true)"
---
┌Chat────────────────────────────────────────────┐┌The List────────────────────────────────────────┐
│                                                ││                                                │
│                                                ││                                                │
│                                                ││                                                │
│                                                ││                                                │
│                                                ││                                                │
│                                                ││                                                │
│                                                ││                                                │
│                                                │└─>=====v======================================v─┘
│                                                │┌Users──^======================================v─┐
│                                                ││                                                │
│                                                ││                                                │
│                                                ││                                                │
│                                                ││                                                │
│                                                ││                                                │
│                                                ││                                                │
│                                                │└─>========v===================================v─┘
│                                                │┌Playlist──^===================================v─┐
│                                                ││  [Add New]                                     │
│                                                ││                                                │
│                                                ││                                                │
└─v=============================================─┘│                                                │
##^=============================================##│                                                │
##################################################│                                                │
##################################################└─=============================================^─┘
                                                                                   link: connecting…
####################################################=============================###################
####################################################################################################
####################################################################################################
####################################################################################################
