---
source: dessplay/src/ui/houseguest/tests.rs
expression: "text.join(\"\\n\")"
---
┌Chat────────────────────────────────────────────┐┌The List────────────────────────────────────────┐
│                                                ││                                                │
│                                                ││                                                │
│                                                ││                                                │
│                                                ││                                                │
│                                                ││                                                │
│                                                ││                                                │
│                                                ││                                                │
│                                                │└────────────────────────────────────────────────┘
│                                                │┌Users───────────────────────────────────────────┐
│                                                ││                                                │
│                                                ││                                                │
│                                                ││                                                │
│                                                ││                                                │
│                                                ││                                                │
│                                                ││                                                │
│                                                │└────────────────────────────────────────────────┘
│                                                │┌Playlist────────────────────────────────────────┐
│                                                ││  [Add New]                                     │
│                                                ││                                                │
│                                                ││                                          (_. ) │
└────────────────────────────────────────────────┘│                                          ||V|| │
┌────────────────────────────────────────────────┐│                                           /_\  │
│say something…                                  ││                                            |   │
└────────────────────────────────────────────────┘└────────────────────────────────────────────────┘
                                                                                   link: connecting…
────────────────────────────────────────────────────────────────────────────────────────────────────
⚡  connecting to server…
Nothing playing
Tab Next pane | Enter Send | PgUp/Dn Scroll | ↑↓ History | Esc Clear | Ctrl-f Search | F2 Subs: off
