---
source: dessplay/tests/ui_app.rs
assertion_line: 457
expression: screen
---
┌Chat────────────────────────────────────────────┐┌The List────────────────────────────────────────┐
│                                                ││                                                │
│                                                ││                                                │
│                                                ││                                                │
│              ┌Settings — AI commentary────────────────────────────────────────────┐              │
│              │[Account] [Playback] [Files] [IRC] [AI]                             │              │
│              │Anthropic API token                                      Baughn only│              │
│              │Comment interval        Off                            needs a token│              │
│              │                                                                    │──────────────┘
│              │                                                                    │──────────────┐
│              │                                                                    │              │
│              │                                                                    │              │
│              │                                                                    │              │
│              │                                                                    │              │
│              │                                                                    │              │
│              │                                                                    │              │
│              │                                                                    │──────────────┘
│              │                                                                    │──────────────┐
│              │                                                                    │              │
│              │                                                                    │              │
│              │                                                                    │              │
└──────────────│                                                                    │              │
┌──────────────│Sends recent subtitles and a player screenshot to Anthropic.        │              │
│say something…│[Save]                                                              │              │
└──────────────└────────────────────────────────────────────────────────────────────┘──────────────┘
                                                                                   link: connecting…
────────────────────────────────────────────────────────────────────────────────────────────────────
⚡  connecting to server…
Nothing playing
←→ Category | Enter Edit/Toggle | S Save | Esc Cancel | Ctrl-r Ready | Ctrl-c Quit
