---
source: dessplay/tests/ui_app.rs
assertion_line: 116
expression: "render(&mut ui, 100, 30)"
---
┌Chat────────────────────────────────────────────┐┌Recent Series───────────────────────────────────┐
│                                                ││                                                │
│                                                ││                                                │
│                                                ││                                                │
│              ┌Settings────────────────────────────────────────────────────────────┐              │
│              │Username:                                                           │              │
│              │Server:    dessplay.brage.info                                      │              │
│              │Password:                                                           │              │
│              │Ready on startup: no                                                │──────────────┘
│              │[Add media root]                                                    │──────────────┐
│              │                                                                    │              │
│              │                                                                    │              │
│              │                                                                    │              │
│              │                                                                    │              │
│              │                                                                    │              │
│              │                                                                    │              │
│              │                                                                    │──────────────┘
│              │                                                                    │──────────────┐
│              │                                                                    │              │
│              │                                                                    │              │
│              │                                                                    │              │
│              │                                                                    │              │
└──────────────│                                                                    │              │
┌──────────────│                                                                    │              │
│say something…└────────────────────────────────────────────────────────────────────┘              │
└────────────────────────────────────────────────┘└────────────────────────────────────────────────┘
────────────────────────────────────────────────────────────────────────────────────────────────────
⏸ paused
Nothing playing
Enter Edit/Toggle | d Remove root | C-j/k Reorder | C-s Save | Esc Cancel | C-c Quit
