---
source: dessplay/tests/ui_app.rs
assertion_line: 160
expression: "render(&mut ui, 100, 30)"
---
┌Chat────────────────────────────────────────────┐┌The List────────────────────────────────────────┐
│                                                ││                                                │
│                                                ││                                                │
│                                                ││                                                │
│              ┌Settings────────────────────────────────────────────────────────────┐              │
│              │Username:                                                           │              │
│              │Server:    dessplay.brage.info                                      │              │
│              │Password:                                                           │              │
│              │Ready on startup: no                                                │──────────────┘
│              │Subtitles: Off                                                      │──────────────┐
│              │Cache: 7 days                                                       │              │
│              │Auto-download: yes                                                  │              │
│              │IRC bridge: yes                                                     │              │
│              │IRC server:  irc.rizon.net                                          │              │
│              │IRC TLS:     yes                                                    │              │
│              │IRC channel: #dess                                                  │              │
│              │Subtitle speaker colors: yes                                        │──────────────┘
│              │[Add media root]                                                    │──────────────┐
│              │[Save] — needs a username, a password, a media root                 │              │
│              │                                                                    │              │
│              │                                                                    │              │
└──────────────│                                                                    │              │
┌──────────────│                                                                    │              │
│say something…│                                                                    │              │
└──────────────└────────────────────────────────────────────────────────────────────┘              │
                                                  └────────────────────────────────────────────────┘
────────────────────────────────────────────────────────────────────────────────────────────────────
⏸ paused
Nothing playing
Enter Edit/Toggle | d Remove root | J/K Reorder | S Save | Esc Cancel | Ctrl-r Ready | Ctrl-c Quit
