---
source: dessplay/tests/ui_app.rs
assertion_line: 105
expression: "render(&mut ui, 100, 30)"
---
┌Chat────────────────────────────────────────────┐┌Recent Series───────────────────────────────────┐
│                                                ││                                                │
│                                                ││                                                │
│                                                ││                                                │
│                                                ││                                                │
│                                                ││                                                │
│                                                ││                                                │
│                                                ││                                                │
│                                                │└────────────────────────────────────────────────┘
│                                                │┌Users───────────────────────────────────────────┐
│                                                ││kim [ready]                                     │
│                                                ││                                                │
│                                                ││                                                │
│                                                ││                                                │
│                                                ││                                                │
│                                                ││                                                │
│                                                │└────────────────────────────────────────────────┘
│                                                │┌Playlist────────────────────────────────────────┐
│                                                ││  [Add New]                                     │
│                                                ││                                                │
│                                                ││                                                │
│                                                ││                                                │
└────────────────────────────────────────────────┘│                                                │
┌────────────────────────────────────────────────┐│                                                │
│say something…                                  ││                                                │
└────────────────────────────────────────────────┘└────────────────────────────────────────────────┘
────────────────────────────────────────────────────────────────────────────────────────────────────
⏸ paused
Nothing playing
Tab Next pane | Enter Send | Esc Clear | C-c Quit
