---
source: dessplay/tests/ui_app.rs
expression: "render(&mut ui, 100, 30)"
---
┌Chat────────────────────────────────────────────┐┌Recent Series───────────────────────────────────┐
│                                                ││                                                │
│                                                ││                                                │
│                                                ││                                                │
│              ┌Settings────────────────────────────────────────────────────────────┐              │
│              │Username:                                                           │              │
│              │Server:    dessplay.brage.info                                      │              │
│              │Password:                                                           │              │
│              │Ready on startup: no                                                │──────────────┘
│              │Subtitles: Off                                                      │──────────────┐
│              │Cache: 7 days                                                       │              │
│              │Auto-download: yes                                                  │              │
│              │[Add media root]                                                    │              │
│              │[Save] — needs a username, a password, a media root                 │              │
│              │                                                                    │              │
│              │                                                                    │              │
│              │                                                                    │──────────────┘
│              │                                                                    │──────────────┐
│              │                                                                    │              │
│              │                                                                    │              │
│              │                                                                    │              │
│              │                                                                    │              │
└──────────────│                                                                    │              │
┌──────────────│                                                                    │              │
│say something…└────────────────────────────────────────────────────────────────────┘              │
└────────────────────────────────────────────────┘└────────────────────────────────────────────────┘
────────────────────────────────────────────────────────────────────────────────────────────────────
⏸ paused
Nothing playing
Enter Edit/Toggle | d Remove root | Ctrl-j/k Reorder | S Save | Esc Cancel | Ctrl-r Ready | Ctrl-c Q
