---
source: dessplay/tests/ui_app.rs
expression: "render(&mut ui, 100, 30)"
---
┌Chat────────────────────────────────────────────┐┌The List────────────────────────────────────────┐
│01:00 irc dagger: look                          ││                                                │
│  https://x.example/shot.png                    ││                                                │
│      ┌──┐                                      ││                                                │
│      │▄▄│                                      ││                                                │
│      │▄▄│                                      ││                                                │
│      │▄▄│                                      ││                                                │
│      │▄▄│                                      ││                                                │
│      └──┘                                      │└────────────────────────────────────────────────┘
│                                                │┌Users───────────────────────────────────────────┐
│                                                ││kim [ready]                                     │
│                                                ││                                                │
│                                                ││                                                │
│                                                ││                                                │
│                                                ││                                                │
│                                                ││                                                │
│                                                │└────────────────────────────────────────────────┘
│                                                │┌Playlist────────────────────────────────────────┐
│                                                ││  [Add New]                                     │
│                                                ││                                                │
│                                                ││                                                │
└────────────────────────────────────────────────┘│                                                │
┌────────────────────────────────────────────────┐│                                                │
│say something…                                  ││                                                │
└────────────────────────────────────────────────┘└────────────────────────────────────────────────┘
                                                                                    link: measuring…
────────────────────────────────────────────────────────────────────────────────────────────────────
⏸ paused
Nothing playing
Tab Next pane | Enter Send | PgUp/Dn Scroll | ↑↓ History | Esc Clear | F2 Subs: off | F3 Settings |
