---
source: dessplay/src/tui/tests.rs
expression: terminal.backend()
---
"┌ Playlist ────────────────────────────┐"
"│▶ Frieren - 01.mkv                    │"
"│  Frieren - 02.mkv                    │"
"│  Frieren - 03.mkv                    │"
"│                                      │"
"│                                      │"
"│                                      │"
"│                                      │"
"│                                      │"
"└──────────────────────────────────────┘"
