---
source: dessplay/src/tui/tests.rs
expression: terminal.backend()
---
"┌ Users ───────────────────────────────┐"
"│alice (you) [Ready]                   │"
"│bob [Paused]                          │"
"│charlie [Not watching]                │"
"│dave [Downloading]                    │"
"│                                      │"
"│                                      │"
"│                                      │"
"│                                      │"
"└──────────────────────────────────────┘"
