---
source: dessplay/src/tui/tests.rs
expression: terminal.backend()
---
"┌ Playlist ────────────────────────────┐"
"│Empty playlist                        │"
"│                                      │"
"│                                      │"
"│                                      │"
"└──────────────────────────────────────┘"
