---
source: dessplay/src/tui/tests.rs
expression: terminal.backend()
---
"┌ Chat ──────────────────────────────────────────┐"
"│                                                │"
"│                                                │"
"│                                                │"
"│                                                │"
"│                                                │"
"│                                                │"
"│                                                │"
"│                                                │"
"└────────────────────────────────────────────────┘"
