---
source: dessplay/src/tui/tests.rs
expression: terminal.backend()
---
"┌ Chat ────────────────────────────────────────────────────┐┌ Recent Series ───────────────────────────────────────────┐"
"│                                                          ││No media scanned yet                                      │"
"│                                                          ││                                                          │"
"│                                                          ││                                                          │"
"│                                                          ││                                                          │"
"│                                                          ││                                                          │"
"│                                                          ││                                                          │"
"│                                                          ││                                                          │"
"│                                                          ││                                                          │"
"│                                                          │└──────────────────────────────────────────────────────────┘"
"│                                                          │┌ Users ───────────────────────────────────────────────────┐"
"│                                                          ││No users connected                                        │"
"│                                                          ││                                                          │"
"│                                                          ││                                                          │"
"│                                                          ││                                                          │"
"│                                                          ││                                                          │"
"│                                                          ││                                                          │"
"│                                                          ││                                                          │"
"│                                                          ││                                                          │"
"│                                                          │└──────────────────────────────────────────────────────────┘"
"│                                                          │┌ Playlist ────────────────────────────────────────────────┐"
"│                                                          ││Empty playlist                                            │"
"│                                                          ││                                                          │"
"│                                                          ││                                                          │"
"│                                                          ││                                                          │"
"│                                                          ││                                                          │"
"│                                                          ││                                                          │"
"│                                                          ││                                                          │"
"│                                                          ││                                                          │"
"│                                                          ││                                                          │"
"│                                                          ││                                                          │"
"│                                                          ││                                                          │"
"└──────────────────────────────────────────────────────────┘└──────────────────────────────────────────────────────────┘"
">                                                                                                                       "
"┌──────────────────────────────────────────────────────────────────────────────────────────────────────────────────────┐"
"│  [||]                                                                                                   0:00 / ??:?? │"
"│  Now Playing: Idle                                                                                                   │"
"│                                                                                                                      │"
"└──────────────────────────────────────────────────────────────────────────────────────────────────────────────────────┘"
" Tab  Next pane |  Enter  Send |  Esc  Clear |  Ctrl-S  Settings |  Ctrl-C  Quit                                        "
