---
source: dessplay/src/tui/tests.rs
expression: terminal.backend()
---
"┌ Users ───────────────────────────────┐"
"│No users connected                    │"
"│                                      │"
"│                                      │"
"│                                      │"
"└──────────────────────────────────────┘"
