---
source: dessplay/src/ui/modals.rs
expression: terminal.backend()
---
"          ┌Girls und Panzer───────────────────────────────┐           "
"          │Girls und Panzer (1 known files)               │           "
"          │  └ Girls und Panzer: Kore ga Hontou no Anzio-s│           "
"          │Girls und Panzer der Film (1 known files)      │           "
"          │                                               │           "
"          │                                               │           "
"          │                                               │           "
"          └───────────────────────────────────────────────┘           "
"                                                                      "
