---
source: dessplay/src/ui/components.rs
expression: render_list_pane(&mut p)
---
┌The List──────────────────────────────────────────────────┐
│▾ Watching — kim (2)                                      │
│  Akira                            movie?       K         │
│  Frieren 2                        S2E05     ✓  KN        │
│▾ Watching — nero (1)                                     │
│  Frieren 2                        S2E05     ✓  KN        │
│▾ Watching (1)                                            │
│  Adrift                                                  │
│▾ Planned (1)                                             │
│  Someday                                                 │
│▸ Finished / Dropped (1)                                  │
│                                                          │
│                                                          │
│                                                          │
│                                                          │
│                                                          │
│                                                          │
│                                                          │
│                                                          │
└──────────────────────────────────────────────────────────┘
